Archive member included because of file (symbol)

common/libcommon.a(cmd_boot.o)
                              (__u_boot_cmd_reset)
common/libcommon.a(cmd_bootm.o)
                              (__u_boot_cmd_bootm)
common/libcommon.a(cmd_load.o)
                              (__u_boot_cmd_loadb)
common/libcommon.a(cmd_net.o)
                              (__u_boot_cmd_tftpboot)
common/libcommon.a(cmd_nvedit.o)
                              (__u_boot_cmd_saveenv)
common/libcommon.a(command.o)
                              (__u_boot_cmd_question_mark)
common/libcommon.a(console.o)
                              common/libcommon.a(cmd_boot.o) (printf)
common/libcommon.a(devices.o)
                              common/libcommon.a(console.o) (stdio_names)
common/libcommon.a(dlmalloc.o)
                              common/libcommon.a(cmd_bootm.o) (free)
common/libcommon.a(env_common.o)
                              common/libcommon.a(cmd_nvedit.o) (env_get_char)
common/libcommon.a(lists.o)   common/libcommon.a(devices.o) (ListCreate)
common/libcommon.a(env_spi.o)
                              common/libcommon.a(cmd_nvedit.o) (env_name_spec)
common/libcommon.a(cmd_mem.o)
                              (__u_boot_cmd_mw)
common/libcommon.a(main.o)    common/libcommon.a(cmd_mem.o) (readline)
board/rt2880/librt2880.a(serial.o)
                              common/libcommon.a(cmd_load.o) (serial_setbrg)
cpu/ralink_soc/libralink_soc.a(cpu.o)
                              common/libcommon.a(cmd_boot.o) (do_reset)
lib_mips/libmips.a(board.o)   (__u_boot_cmd_rf)
lib_mips/libmips.a(time.o)    lib_mips/libmips.a(board.o) (timer_init)
lib_mips/libmips.a(mips_linux.o)
                              common/libcommon.a(cmd_bootm.o) (do_bootm_linux)
drivers/libdrivers.a(rt2880_eth.o)
                              lib_mips/libmips.a(board.o) (LANWANPartition)
drivers/libdrivers.a(mii_mgr.o)
                              (__u_boot_cmd_mdio)
drivers/libdrivers.a(netconsole.o)
                              lib_mips/libmips.a(board.o) (NcStart)
drivers/libdrivers.a(spi_flash.o)
                              (__u_boot_cmd_erase)
net/libnet.a(net.o)           drivers/libdrivers.a(rt2880_eth.o) (NetTxPacket)
net/libnet.a(tftp.o)          net/libnet.a(net.o) (TftpSend)
net/libnet.a(eth.o)           drivers/libdrivers.a(netconsole.o) (eth_get_dev)
net/libnet.a(httpd.o)         net/libnet.a(net.o) (HttpdHandler)
rtc/librtc.a(date.o)          common/libcommon.a(cmd_bootm.o) (to_tm)
httpd/libhttpd.a(uip.o)       net/libnet.a(httpd.o) (uip_init)
httpd/libhttpd.a(uip_arch.o)  httpd/libhttpd.a(uip.o) (uip_add32)
httpd/libhttpd.a(uip_arp.o)   net/libnet.a(net.o) (uip_ethaddr)
httpd/libhttpd.a(httpd.o)     net/libnet.a(httpd.o) (httpd_init)
httpd/libhttpd.a(fs.o)        httpd/libhttpd.a(httpd.o) (file_404_html)
common/libcommon.a(exports.o)
                              lib_mips/libmips.a(board.o) (jumptable_init)
lib_generic/libgeneric.a(crc32.o)
                              common/libcommon.a(cmd_bootm.o) (crc32)
lib_generic/libgeneric.a(display_options.o)
                              common/libcommon.a(cmd_bootm.o) (print_size)
lib_generic/libgeneric.a(string.o)
                              common/libcommon.a(cmd_bootm.o) (strcat)
lib_generic/libgeneric.a(vsprintf.o)
                              common/libcommon.a(cmd_boot.o) (simple_strtoul)
lib_generic/libgeneric.a(zlib.o)
                              common/libcommon.a(cmd_bootm.o) (inflateEnd)
lib_generic/libgeneric.a(LzmaDecode.o)
                              common/libcommon.a(cmd_bootm.o) (lzmaBuffToBuffDecompress)
lib_generic/libgeneric.a(ctype.o)
                              lib_generic/libgeneric.a(string.o) (_ctype)
board/rt2880/librt2880.a(rt2880.o)
                              lib_mips/libmips.a(board.o) (initdram)
board/rt2880/librt2880.a(flash.o)
                              net/libnet.a(httpd.o) (flash_info)
common/libcommon.a(flash.o)   board/rt2880/librt2880.a(flash.o) (flash_protect)

Allocating common symbols
Common symbol       size              file

dp_last_size        0x4               common/libcommon.a(cmd_mem.o)
console_buffer      0x100             common/libcommon.a(main.o)
NetArpWaitTry       0x4               net/libnet.a(net.o)
NetArpWaitPacketMAC
                    0x4               net/libnet.a(net.o)
flash_info          0x530             board/rt2880/librt2880.a(flash.o)
NetOurEther         0x6               net/libnet.a(net.o)
uip_len             0x2               httpd/libhttpd.a(uip.o)
NetOurIP            0x4               net/libnet.a(net.o)
NetServerIP         0x4               net/libnet.a(net.o)
monitor_flash_len   0x4               lib_mips/libmips.a(board.o)
hs                  0x4               httpd/libhttpd.a(httpd.o)
Pkt_Buf_Pool        0x17440           net/libnet.a(net.o)
___strtok           0x4               lib_generic/libgeneric.a(string.o)
NetArpWaitTxPacketSize
                    0x4               net/libnet.a(net.o)
NetArpWaitReplyIP   0x4               net/libnet.a(net.o)
uip_sappdata        0x4               httpd/libhttpd.a(uip.o)
NetArpWaitTxPacket  0x4               net/libnet.a(net.o)
NetRxPackets        0xf0              net/libnet.a(net.o)
uip_acc32           0x4               httpd/libhttpd.a(uip.o)
rt2880_free_buf_list
                    0x8               drivers/libdrivers.a(rt2880_eth.o)
PKT_HEADER_Buf      0x4               drivers/libdrivers.a(rt2880_eth.o)
webgpio             0x4               lib_mips/libmips.a(board.o)
NetArpWaitPacketIP  0x4               net/libnet.a(net.o)
NetState            0x4               net/libnet.a(net.o)
uip_flags           0x1               httpd/libhttpd.a(uip.o)
BootFile            0x80              net/libnet.a(net.o)
rt2880_pdev         0x4               drivers/libdrivers.a(rt2880_eth.o)
dp_last_addr        0x4               common/libcommon.a(cmd_mem.o)
his_pad_char        0x1               common/libcommon.a(cmd_load.o)
env_ptr             0x4               common/libcommon.a(env_spi.o)
spi_chip_info       0x4               drivers/libdrivers.a(spi_flash.o)
os_data_count       0x4               common/libcommon.a(cmd_load.o)
mm_last_size        0x4               common/libcommon.a(cmd_mem.o)
os_data_init        0x4               common/libcommon.a(cmd_load.o)
rt2880_flash_start_t
                    0x4               common/libcommon.a(flash.o)
mips_bus_feq        0x4               lib_mips/libmips.a(board.o)
mm_last_addr        0x4               common/libcommon.a(cmd_mem.o)
rt2880_busing_buf_list
                    0x8               drivers/libdrivers.a(rt2880_eth.o)
NetIPID             0x4               net/libnet.a(net.o)
send_ptr            0x4               common/libcommon.a(cmd_load.o)
mips_cpu_feq        0x4               lib_mips/libmips.a(board.o)
web_enabled         0x4               lib_mips/libmips.a(board.o)
uip_appdata         0x4               httpd/libhttpd.a(uip.o)
uip_conn            0x4               httpd/libhttpd.a(uip.o)
NetRxPkt            0x4               net/libnet.a(net.o)
uip_conns           0x58              httpd/libhttpd.a(uip.o)
os_data_header      0x20              common/libcommon.a(cmd_load.o)
uip_arp_netmask     0x4               httpd/libhttpd.a(uip.o)
os_data_char        0x4               common/libcommon.a(cmd_load.o)
gd_data             0x24              lib_mips/libmips.a(board.o)
NetArpWaitPacketBuf
                    0x640             net/libnet.a(net.o)
TftpStarted         0x4               net/libnet.a(tftp.o)
uip_listenports     0x2               httpd/libhttpd.a(uip.o)
his_eol             0x1               common/libcommon.a(cmd_load.o)
header              0x40              common/libcommon.a(cmd_bootm.o)
NetRxPktLen         0x4               net/libnet.a(net.o)
uip_surglen         0x1               httpd/libhttpd.a(uip.o)
his_quote           0x1               common/libcommon.a(cmd_load.o)
NetBootFileXferSize
                    0x4               net/libnet.a(net.o)
console_history     0xa00             common/libcommon.a(main.o)
PktBuf              0x4               net/libnet.a(net.o)
send_parms          0x14              common/libcommon.a(cmd_load.o)
uip_urgdata         0x4               httpd/libhttpd.a(uip.o)
uip_hostaddr        0x4               httpd/libhttpd.a(uip.o)
uip_arp_draddr      0x4               httpd/libhttpd.a(uip.o)
his_pad_count       0x4               common/libcommon.a(cmd_load.o)
uip_urglen          0x1               httpd/libhttpd.a(uip.o)
uip_buf             0x5de             httpd/libhttpd.a(uip.o)
uip_slen            0x2               httpd/libhttpd.a(uip.o)
NetArpWaitTimerStart
                    0x4               net/libnet.a(net.o)

Memory Configuration

Name             Origin             Length             Attributes
*default*        0x0000000000000000 0xffffffffffffffff

Linker script and memory map

                0x0000000000000000                . = 0x0
                0x0000000000000000                . = ALIGN (0x4)

.text           0x0000000080200000    0x1b440
 *(.text)
 .text          0x0000000080200000      0x7c0 cpu/ralink_soc/start.o
                0x00000000802006fc                relocate_code
                0x0000000080200000                _start
 .text          0x00000000802007c0       0xe0 common/libcommon.a(cmd_boot.o)
                0x00000000802007c0                do_go
 .text          0x00000000802008a0     0x1060 common/libcommon.a(cmd_bootm.o)
                0x00000000802008a0                print_image_hdr
                0x0000000080200db8                gunzip
                0x0000000080200f9c                do_bootm
 .text          0x0000000080201900      0xcd0 common/libcommon.a(cmd_load.o)
                0x0000000080201bc0                k_data_init
                0x00000000802019cc                s1_sendpacket
                0x0000000080201d24                handle_send_packet
                0x0000000080201c30                k_data_restore
                0x0000000080201ab8                send_nack
                0x0000000080201f84                do_load_serial_bin
                0x0000000080201c80                k_data_char
                0x0000000080201994                chk1
                0x0000000080201be0                k_data_save
                0x0000000080201958                ktrans
                0x0000000080201900                send_pad
                0x0000000080201a2c                send_ack
 .text          0x00000000802025d0      0x430 common/libcommon.a(cmd_net.o)
                0x00000000802025d0                do_tftpb
 .text          0x0000000080202a00      0xcb0 common/libcommon.a(cmd_nvedit.o)
                0x0000000080203580                getenv
                0x0000000080202d14                _do_setenv
                0x0000000080202aa4                do_printenv
                0x00000000802034b8                setenv
                0x0000000080203658                do_saveenv
                0x000000008020350c                do_setenv
 .text          0x00000000802036b0      0x3f0 common/libcommon.a(command.o)
                0x00000000802036f0                find_cmd
                0x0000000080203810                do_help
                0x00000000802036b0                do_version
 .text          0x0000000080203aa0      0x930 common/libcommon.a(console.o)
                0x000000008020425c                console_init_r
                0x0000000080203ea8                printf
                0x000000008020410c                console_assign
                0x0000000080203ff4                kaiker_button_p
                0x0000000080203d78                getc
                0x0000000080203e54                puts
                0x00000000802040fc                dbg
                0x0000000080203b88                serial_printf
                0x0000000080203c38                ftstc
                0x0000000080203d18                fprintf
                0x0000000080203db8                tstc
                0x0000000080203f10                vprintf
                0x0000000080203f70                ctrlc
                0x0000000080203df8                putc
                0x00000000802040b0                disable_ctrlc
                0x0000000080203bf0                fgetc
                0x00000000802040cc                had_ctrlc
                0x0000000080203c80                fputc
                0x0000000080204228                console_init_f
                0x00000000802040e4                clear_ctrlc
                0x0000000080203cd0                fputs
 .text          0x00000000802043d0      0x190 common/libcommon.a(devices.o)
                0x00000000802043d0                device_register
                0x0000000080204520                devices_done
                0x0000000080204414                devices_init
 .text          0x0000000080204560     0x14b0 common/libcommon.a(dlmalloc.o)
                0x000000008020495c                malloc
                0x00000000802057d0                pvalloc
                0x00000000802057f4                calloc
                0x0000000080205920                malloc_usable_size
                0x00000000802050a8                realloc
                0x00000000802045c0                malloc_trim
                0x0000000080204560                malloc_bin_reloc
                0x0000000080205978                mallopt
                0x000000008020561c                memalign
                0x0000000080205908                cfree
                0x00000000802057b4                valloc
                0x00000000802046e8                free
 .text          0x0000000080205a10      0x1f0 common/libcommon.a(env_common.o)
                0x0000000080205ae0                env_get_addr
                0x0000000080205b10                env_relocate
                0x0000000080205a10                env_crc_update
                0x0000000080205aac                env_get_char_memory
 .text          0x0000000080205c00      0x590 common/libcommon.a(lists.o)
                0x0000000080205cac                DisposeHandle
                0x0000000080205e58                ListDispose
                0x0000000080205e70                ListInsertItems
                0x0000000080205e48                ListSetAllocationPolicy
                0x0000000080206178                ListGetItemSize
                0x000000008020616c                ListGetDataPtr
                0x0000000080205c00                NewHandle
                0x0000000080205d10                SetHandleSize
                0x00000000802060bc                ListInsertItem
                0x0000000080205d08                GetHandleSize
                0x0000000080206184                ListNumItems
                0x000000008020612c                ListGetPtrToItem
                0x0000000080205dd8                ListCreate
                0x00000000802060d4                ListGetItems
 .text          0x0000000080206190      0x290 common/libcommon.a(env_spi.o)
                0x00000000802063ec                env_relocate_spec
                0x0000000080206290                saveenv
                0x0000000080206190                env_get_char_spec
                0x00000000802061c4                spi_env_init
                0x00000000802061a0                env_init
 .text          0x0000000080206420      0x630 common/libcommon.a(cmd_mem.o)
                0x00000000802067a8                do_mem_mw
                0x00000000802069bc                do_mem_nm
                0x0000000080206a04                do_mem_mm
                0x0000000080206420                cmd_get_data_size
                0x00000000802064d8                do_mem_md
 .text          0x0000000080206a50      0xc40 common/libcommon.a(main.o)
                0x0000000080207078                run_command
                0x0000000080206ba8                readline
                0x000000008020757c                main_loop
 .text          0x0000000080207690      0x240 board/rt2880/librt2880.a(serial.o)
                0x0000000080207690                serial_setbrg
                0x00000000802077f8                serial_tstc
                0x0000000080207798                serial_putc
                0x0000000080207760                serial_init
                0x0000000080207870                serial_puts
                0x000000008020782c                serial_getc
 .text          0x00000000802078d0       0x20 cpu/ralink_soc/libralink_soc.a(cpu.o)
                0x00000000802078e8                flush_cache
                0x00000000802078d0                do_reset
 .text          0x00000000802078f0     0x2110 lib_mips/libmips.a(board.o)
                0x0000000080207cb4                gpio_trigger_status
                0x00000000802094f8                do_rw_rf
                0x00000000802093cc                hang
                0x0000000080209638                adjust_rf_r17
                0x00000000802093fc                rw_rf_reg
                0x0000000080208374                board_init_r
                0x0000000080207cc8                OperationSelect
                0x0000000080207c74                wd_make
                0x00000000802078f0                sbrk
                0x0000000080207940                board_init_f
                0x0000000080207df0                tftp_config
                0x000000008020833c                config_usb_ehciohci
                0x0000000080208334                trigger_hw_reset
                0x0000000080207c58                wd_enable
                0x0000000080207b84                gpio_trigger_enable
                0x0000000080207d88                filename_copy
 .text          0x0000000080209a00       0xd0 lib_mips/libmips.a(time.o)
                0x0000000080209a30                set_timer
                0x0000000080209a14                reset_timer
                0x0000000080209ac0                get_tbclk
                0x0000000080209a24                get_timer
                0x0000000080209a00                timer_init
                0x0000000080209a3c                udelay
                0x0000000080209ab0                get_ticks
 .text          0x0000000080209ad0      0x980 lib_mips/libmips.a(mips_linux.o)
                0x0000000080209c20                do_bootm_linux
 .text          0x000000008020a450     0x12b0 drivers/libdrivers.a(rt2880_eth.o)
                0x000000008020a5fc                rt2880_eth_initialize
                0x000000008020a548                rt2880_free_buf_entry_dequeue
                0x000000008020acbc                rt305x_esw_init
                0x000000008020b668                input_value
                0x000000008020a4e0                STOP_ETH
                0x000000008020a8cc                LANWANPartition
                0x000000008020a8d4                isDMABusy
                0x000000008020a450                START_ETH
                0x000000008020b2b4                rt2880_eth_halt
 .text          0x000000008020b700      0x9b0 drivers/libdrivers.a(mii_mgr.o)
                0x000000008020ba44                dump_phy_reg
                0x000000008020b8bc                mii_mgr_write
                0x000000008020b734                mii_mgr_read
                0x000000008020b700                enable_mdio
                0x000000008020bbf8                rt2880_mdio_access
 .text          0x000000008020c0b0      0x820 drivers/libdrivers.a(netconsole.o)
                0x000000008020c114                NcStart
                0x000000008020c498                nc_start
                0x000000008020c22c                nc_input_packet
                0x000000008020c828                drv_nc_init
                0x000000008020c780                nc_tstc
                0x000000008020c650                nc_puts
                0x000000008020c6cc                nc_getc
                0x000000008020c5f0                nc_putc
 .text          0x000000008020c8d0     0x1860 drivers/libdrivers.a(spi_flash.o)
                0x000000008020d3b0                raspi_read
                0x000000008020cbb8                spic_init
                0x000000008020dcac                do_mem_cp
                0x000000008020d0e4                raspi_init
                0x000000008020de3c                do_flerase
                0x000000008020cf78                chip_prob
                0x000000008020d13c                raspi_erase
                0x000000008020d530                raspi_write
                0x000000008020d88c                raspi_erase_write
 .text          0x000000008020e130     0x2210 net/libnet.a(net.o)
                0x000000008020ec9c                getenv_IPaddr
                0x000000008020ea18                NetCksumOk
                0x000000008020e3ac                NetSetTimeout
                0x000000008020eaa0                copy_filename
                0x000000008020ea58                NetEthHdrSize
                0x000000008020eb14                ip_to_string
                0x000000008020e5a8                ArpTimeoutCheck
                0x000000008020f5ec                NetReceive
                0x000000008020fd94                NetLoopHttpd
                0x000000008020ebd8                string_to_ip
                0x000000008020e84c                NetSendUDPPacket
                0x000000008020eb94                print_IPaddr
                0x000000008020e130                NetSetEther
                0x000000008020f508                NetReceiveHttpd
                0x000000008020ee00                NetLoop
                0x000000008020e21c                ArpRequest
                0x000000008020ecd8                VLAN_to_string
                0x000000008020edbc                getenv_VLAN
                0x000000008020e690                NetCksum
                0x000000008020e6d8                NetSetIP
                0x000000008020ed4c                string_to_VLAN
                0x000000008020f470                NetSendHttpd
                0x000000008020e428                NetStartAgain
                0x000000008020e410                NetSetHandler
                0x000000008020e678                NetSendPacket
 .text          0x0000000080210340      0x940 net/libnet.a(tftp.o)
                0x0000000080210340                TftpSend
                0x00000000802109a4                TftpStart
 .text          0x0000000080210c80      0x980 net/libnet.a(eth.o)
                0x000000008021143c                eth_halt
                0x0000000080210d94                eth_register
                0x0000000080210c80                eth_get_dev
                0x0000000080210c98                eth_parse_enetaddr
                0x00000000802112b0                eth_try_another
                0x0000000080211158                eth_set_enetaddr
                0x0000000080210e90                eth_initialize
                0x0000000080211500                eth_set_current
                0x00000000802114cc                eth_rx
                0x0000000080210d38                eth_get_dev_index
                0x000000008021138c                eth_init
                0x00000000802115c8                eth_get_name
                0x0000000080211494                eth_send
 .text          0x0000000080211600      0x380 net/libnet.a(httpd.o)
                0x0000000080211848                do_http_progress
                0x00000000802116c0                HttpdStart
                0x0000000080211600                HttpdHandler
                0x00000000802116f8                do_http_upgrade
 .text          0x0000000080211980      0x3d0 rtc/librtc.a(date.o)
                0x0000000080211980                GregorianDay
                0x0000000080211c6c                mktime
                0x0000000080211af8                to_tm
 .text          0x0000000080211d50     0x1200 httpd/libhttpd.a(uip.o)
                0x0000000080211dec                uip_unlisten
                0x0000000080211f20                uip_process
                0x0000000080211e48                uip_listen
                0x0000000080211d50                uip_init
 .text          0x0000000080212f50      0x2f0 httpd/libhttpd.a(uip_arch.o)
                0x0000000080212f50                uip_add32
                0x000000008021309c                uip_ipchksum
                0x00000000802130d8                uip_tcpchksum
                0x0000000080213024                uip_chksum
 .text          0x0000000080213240      0x780 httpd/libhttpd.a(uip_arp.o)
                0x0000000080213770                uip_arp_out
                0x00000000802135f8                uip_arp_arpin
                0x00000000802132c0                uip_arp_timer
                0x0000000080213240                uip_arp_init
                0x0000000080213568                uip_arp_ipin
 .text          0x00000000802139c0      0xea0 httpd/libhttpd.a(httpd.o)
                0x0000000080213a74                httpd_init
                0x0000000080213e78                httpd_appcall
 .text          0x0000000080214860      0x100 httpd/libhttpd.a(fs.o)
                0x0000000080214860                fs_open
                0x0000000080214958                fs_init
 .text          0x0000000080214960       0xb0 common/libcommon.a(exports.o)
                0x0000000080214970                jumptable_init
                0x0000000080214968                get_version
 .text          0x0000000080214a10      0x190 lib_generic/libgeneric.a(crc32.o)
                0x0000000080214a10                crc32
 .text          0x0000000080214ba0      0x150 lib_generic/libgeneric.a(display_options.o)
                0x0000000080214ba0                display_options
                0x0000000080214be0                print_size
 .text          0x0000000080214cf0      0x6c0 lib_generic/libgeneric.a(string.o)
                0x0000000080215208                memmove
                0x00000000802151d8                memcpy
                0x0000000080215160                strswab
                0x0000000080214ed0                strnlen
                0x0000000080214e58                strrchr
                0x0000000080214d74                strcat
                0x0000000080215374                memchr
                0x00000000802152b4                strstr
                0x0000000080215034                strtok
                0x0000000080215284                memcmp
                0x0000000080214dac                strncat
                0x0000000080214f0c                strdup
                0x00000000802151ac                memset
                0x00000000802150f4                strsep
                0x0000000080214cf0                strnicmp
                0x0000000080214f84                strspn
                0x0000000080214e34                strlen
                0x0000000080214df8                strchr
                0x0000000080214fe4                strpbrk
 .text          0x00000000802153b0      0x9b0 lib_generic/libgeneric.a(vsprintf.o)
                0x00000000802157c8                vsprintf
                0x00000000802154a4                simple_strtol
                0x0000000080215d24                sprintf
                0x00000000802153b0                simple_strtoul
 .text          0x0000000080215d60     0x2f40 lib_generic/libgeneric.a(zlib.o)
                0x0000000080216cb0                inflate
                0x000000008021618c                inflateInit2
                0x00000000802163c8                inflateIncomp
                0x0000000080218ad8                adler32
                0x0000000080215fd8                inflateReset
                0x000000008021604c                inflateSync
                0x0000000080216334                inflateInit
                0x0000000080215f0c                inflateEnd
 .text          0x0000000080218ca0      0xc80 lib_generic/libgeneric.a(LzmaDecode.o)
                0x0000000080218cd4                RangeDecoderInit
                0x000000008021970c                lzmaBuffToBuffDecompress
                0x0000000080218d5c                RangeDecoderDecodeDirectBits
                0x0000000080218f2c                RangeDecoderBitTreeDecode
                0x0000000080219064                LzmaLiteralDecode
                0x0000000080218e18                RangeDecoderBitDecode
                0x0000000080218fc0                RangeDecoderReverseBitTreeDecode
                0x00000000802191ac                LzmaLenDecode
                0x0000000080219298                LzmaDecode
                0x0000000080218ca0                RangeDecoderReadByte
                0x00000000802190d4                LzmaLiteralDecodeMatch
 .text          0x0000000080219920      0x1b0 board/rt2880/librt2880.a(rt2880.o)
                0x0000000080219920                get_ram_size
                0x0000000080219a90                checkboard
                0x0000000080219a54                initdram
 .text          0x0000000080219ad0     0x1440 board/rt2880/librt2880.a(flash.o)
                0x000000008021a480                flash_erase
                0x0000000080219b00                flash_init
                0x000000008021a0f4                flash_print_info
                0x000000008021a0fc                erase_all_chip
                0x000000008021ad64                write_buff
 .text          0x000000008021af10      0x530 common/libcommon.a(flash.o)
                0x000000008021b120                flash_write
                0x000000008021af10                flash_protect
                0x000000008021b0cc                addr2info
                0x000000008021b2f0                flash_perror
                0x000000008021b440                . = ALIGN (0x4)

.rodata         0x000000008021b440     0x1ac0
 *(.rodata)
 .rodata        0x000000008021b440       0xb0 common/libcommon.a(cmd_bootm.o)
 .rodata        0x000000008021b4f0       0x20 common/libcommon.a(cmd_nvedit.o)
 .rodata        0x000000008021b510       0x50 lib_mips/libmips.a(board.o)
                0x000000008021b510                version_string
 .rodata        0x000000008021b560       0xc0 drivers/libdrivers.a(spi_flash.o)
 .rodata        0x000000008021b620       0x30 net/libnet.a(net.o)
 .rodata        0x000000008021b650       0x30 net/libnet.a(tftp.o)
 .rodata        0x000000008021b680       0x10 net/libnet.a(eth.o)
 .rodata        0x000000008021b690       0x30 rtc/librtc.a(date.o)
 .rodata        0x000000008021b6c0       0x40 httpd/libhttpd.a(uip.o)
 .rodata        0x000000008021b700     0x1380 httpd/libhttpd.a(fs.o)
 .rodata        0x000000008021ca80      0x400 lib_generic/libgeneric.a(crc32.o)
 .rodata        0x000000008021ce80       0x80 lib_generic/libgeneric.a(zlib.o)

.reginfo        0x000000008021cf00       0x18
 .reginfo       0x000000008021cf00       0x18 cpu/ralink_soc/start.o

.rodata.str1.4  0x000000008021cf18     0x3d64
 .rodata.str1.4
                0x000000008021cf18      0x117 common/libcommon.a(cmd_boot.o)
                                        0x118 (size before relaxing)
 *fill*         0x000000008021d02f        0x1 00
 .rodata.str1.4
                0x000000008021d030      0x664 common/libcommon.a(cmd_bootm.o)
                                        0x668 (size before relaxing)
 .rodata.str1.4
                0x000000008021d694      0x1c8 common/libcommon.a(cmd_load.o)
                                        0x1d4 (size before relaxing)
 .rodata.str1.4
                0x000000008021d85c      0x12d common/libcommon.a(cmd_net.o)
                                        0x158 (size before relaxing)
 *fill*         0x000000008021d989        0x3 00
 .rodata.str1.4
                0x000000008021d98c      0x2b9 common/libcommon.a(cmd_nvedit.o)
                                        0x324 (size before relaxing)
 *fill*         0x000000008021dc45        0x3 00
 .rodata.str1.4
                0x000000008021dc48      0x219 common/libcommon.a(command.o)
                                        0x21c (size before relaxing)
 *fill*         0x000000008021de61        0x3 00
 .rodata.str1.4
                0x000000008021de64       0x2f common/libcommon.a(devices.o)
                                         0x48 (size before relaxing)
 *fill*         0x000000008021de93        0x1 00
 .rodata.str1.4
                0x000000008021de94       0x33 common/libcommon.a(env_common.o)
                                         0x34 (size before relaxing)
 *fill*         0x000000008021dec7        0x1 00
 .rodata.str1.4
                0x000000008021dec8       0x52 common/libcommon.a(env_spi.o)
                                         0x54 (size before relaxing)
 *fill*         0x000000008021df1a        0x2 00
 .rodata.str1.4
                0x000000008021df1c      0x1d4 common/libcommon.a(cmd_mem.o)
                                        0x1e0 (size before relaxing)
 .rodata.str1.4
                0x000000008021e0f0       0x8d common/libcommon.a(main.o)
                                         0x9c (size before relaxing)
 *fill*         0x000000008021e17d        0x3 00
 .rodata.str1.4
                0x000000008021e180      0xa4c lib_mips/libmips.a(board.o)
                                        0xae4 (size before relaxing)
 .rodata.str1.4
                0x000000008021ebcc      0x15b lib_mips/libmips.a(mips_linux.o)
                                        0x1bc (size before relaxing)
 *fill*         0x000000008021ed27        0x1 00
 .rodata.str1.4
                0x000000008021ed28      0x1fc drivers/libdrivers.a(rt2880_eth.o)
 .rodata.str1.4
                0x000000008021ef24      0x417 drivers/libdrivers.a(mii_mgr.o)
                                        0x428 (size before relaxing)
 *fill*         0x000000008021f33b        0x1 00
 .rodata.str1.4
                0x000000008021f33c        0xb drivers/libdrivers.a(netconsole.o)
                                         0x1c (size before relaxing)
 *fill*         0x000000008021f347        0x1 00
 .rodata.str1.4
                0x000000008021f348      0x4e1 drivers/libdrivers.a(spi_flash.o)
                                        0x4f4 (size before relaxing)
 *fill*         0x000000008021f829        0x3 00
 .rodata.str1.4
                0x000000008021f82c      0x432 net/libnet.a(net.o)
                                        0x468 (size before relaxing)
 *fill*         0x000000008021fc5e        0x2 00
 .rodata.str1.4
                0x000000008021fc60      0x203 net/libnet.a(tftp.o)
                                        0x210 (size before relaxing)
 *fill*         0x000000008021fe63        0x1 00
 .rodata.str1.4
                0x000000008021fe64       0xfc net/libnet.a(eth.o)
                                        0x100 (size before relaxing)
 .rodata.str1.4
                0x000000008021ff60      0x240 net/libnet.a(httpd.o)
 .rodata.str1.4
                0x00000000802201a0      0x3ad httpd/libhttpd.a(httpd.o)
                                        0x3bc (size before relaxing)
 *fill*         0x000000008022054d        0x3 00
 .rodata.str1.4
                0x0000000080220550       0x64 httpd/libhttpd.a(fs.o)
 .rodata.str1.4
                0x00000000802205b4       0x17 lib_generic/libgeneric.a(display_options.o)
                                         0x20 (size before relaxing)
 *fill*         0x00000000802205cb        0x1 00
 .rodata.str1.4
                0x00000000802205cc       0x57 lib_generic/libgeneric.a(vsprintf.o)
                                         0x58 (size before relaxing)
 *fill*         0x0000000080220623        0x1 00
 .rodata.str1.4
                0x0000000080220624      0x20d lib_generic/libgeneric.a(zlib.o)
                                        0x214 (size before relaxing)
 *fill*         0x0000000080220831        0x3 00
 .rodata.str1.4
                0x0000000080220834       0x15 board/rt2880/librt2880.a(rt2880.o)
                                         0x18 (size before relaxing)
 *fill*         0x0000000080220849        0x3 00
 .rodata.str1.4
                0x000000008022084c      0x2c7 board/rt2880/librt2880.a(flash.o)
                                        0x2cc (size before relaxing)
 *fill*         0x0000000080220b13        0x1 00
 .rodata.str1.4
                0x0000000080220b14      0x168 common/libcommon.a(flash.o)
                0x0000000080220c7c                . = ALIGN (0x4)

.data           0x0000000080220c80      0x730
 *(.data)
 .data          0x0000000080220c80       0x10 common/libcommon.a(cmd_bootm.o)
                0x0000000080220c80                load_addr
 .data          0x0000000080220c90       0x10 common/libcommon.a(dlmalloc.o)
 .data          0x0000000080220ca0      0x2e0 common/libcommon.a(env_common.o)
                0x0000000080220ca0                default_environment
 .data          0x0000000080220f80       0x10 common/libcommon.a(env_spi.o)
 .data          0x0000000080220f90       0x10 common/libcommon.a(cmd_mem.o)
                0x0000000080220f90                dp_last_length
 .data          0x0000000080220fa0       0x20 common/libcommon.a(main.o)
 .data          0x0000000080220fc0       0x10 net/libnet.a(net.o)
                0x0000000080220fc4                NetBcastAddr
                0x0000000080220fc0                NetOurNativeVLAN
                0x0000000080220fc2                NetOurVLAN
 .data          0x0000000080220fd0       0x30 rtc/librtc.a(date.o)
 .data          0x0000000080221000       0x10 httpd/libhttpd.a(uip_arp.o)
                0x0000000080221000                uip_ethaddr
 .data          0x0000000080221010       0x10 httpd/libhttpd.a(httpd.o)
 .data          0x0000000080221020      0x280 lib_generic/libgeneric.a(zlib.o)
 .data          0x00000000802212a0      0x100 lib_generic/libgeneric.a(ctype.o)
                0x00000000802212a0                _ctype
 .data          0x00000000802213a0       0x10 board/rt2880/librt2880.a(flash.o)

.data.rel.local
                0x00000000802213b0      0x638
 .data.rel.local
                0x00000000802213b0        0xc common/libcommon.a(devices.o)
                0x00000000802213b0                stdio_names
 .data.rel.local
                0x00000000802213bc      0x408 common/libcommon.a(dlmalloc.o)
 .data.rel.local
                0x00000000802217c4        0x4 common/libcommon.a(env_common.o)
                0x00000000802217c4                env_get_char
 .data.rel.local
                0x00000000802217c8        0x4 common/libcommon.a(env_spi.o)
                0x00000000802217c8                env_name_spec
 .data.rel.local
                0x00000000802217cc      0x1f8 drivers/libdrivers.a(spi_flash.o)
 .data.rel.local
                0x00000000802219c4       0x24 lib_generic/libgeneric.a(zlib.o)
                0x00000000802219e4                zlib_version
                0x00000000802219c4                z_errmsg

.data.rel.ro    0x00000000802219e8       0x40
 .data.rel.ro   0x00000000802219e8       0x40 httpd/libhttpd.a(fs.o)
                0x0000000080221a08                file_index_html
                0x00000000802219f8                file_404_html
                0x0000000080221a18                file_flashing_html
                0x00000000802219e8                file_style_css

.data.rel.ro.local
                0x0000000080221a28       0x10
 .data.rel.ro.local
                0x0000000080221a28       0x10 httpd/libhttpd.a(fs.o)
                0x0000000080221a28                file_fail_html
                0x0000000080221a38                . = ALIGN (0x4)

.sdata
 *(.sdata)
 *(.sdata)
                0x0000000080221a40                _gp = ALIGN (0x10)

.got            0x0000000080221a40      0x584
                0x0000000080221a40                __got_start = .
 *(.got)
 .got           0x0000000080221a40      0x584 cpu/ralink_soc/start.o
                0x0000000080221a40                _GLOBAL_OFFSET_TABLE_
                0x0000000080221fc4                __got_end = .
                0x0000000080221fc4                __u_boot_cmd_start = .

.u_boot_cmd     0x0000000080221fc4      0x1c8
 *(.u_boot_cmd)
 .u_boot_cmd    0x0000000080221fc4       0x30 common/libcommon.a(cmd_boot.o)
                0x0000000080221fc4                __u_boot_cmd_reset
                0x0000000080221fdc                __u_boot_cmd_go
 .u_boot_cmd    0x0000000080221ff4       0x18 common/libcommon.a(cmd_bootm.o)
                0x0000000080221ff4                __u_boot_cmd_bootm
 .u_boot_cmd    0x000000008022200c       0x18 common/libcommon.a(cmd_load.o)
                0x000000008022200c                __u_boot_cmd_loadb
 .u_boot_cmd    0x0000000080222024       0x18 common/libcommon.a(cmd_net.o)
                0x0000000080222024                __u_boot_cmd_tftpboot
 .u_boot_cmd    0x000000008022203c       0x48 common/libcommon.a(cmd_nvedit.o)
                0x000000008022203c                __u_boot_cmd_saveenv
                0x000000008022206c                __u_boot_cmd_printenv
                0x0000000080222054                __u_boot_cmd_setenv
 .u_boot_cmd    0x0000000080222084       0x48 common/libcommon.a(command.o)
                0x0000000080222084                __u_boot_cmd_question_mark
                0x00000000802220b4                __u_boot_cmd_version
                0x000000008022209c                __u_boot_cmd_help
 .u_boot_cmd    0x00000000802220cc       0x60 common/libcommon.a(cmd_mem.o)
                0x0000000080222114                __u_boot_cmd_md
                0x00000000802220cc                __u_boot_cmd_mw
                0x00000000802220fc                __u_boot_cmd_mm
                0x00000000802220e4                __u_boot_cmd_nm
 .u_boot_cmd    0x000000008022212c       0x18 lib_mips/libmips.a(board.o)
                0x000000008022212c                __u_boot_cmd_rf
 .u_boot_cmd    0x0000000080222144       0x18 drivers/libdrivers.a(mii_mgr.o)
                0x0000000080222144                __u_boot_cmd_mdio
 .u_boot_cmd    0x000000008022215c       0x30 drivers/libdrivers.a(spi_flash.o)
                0x000000008022215c                __u_boot_cmd_erase
                0x0000000080222174                __u_boot_cmd_cp
                0x000000008022218c                __u_boot_cmd_end = .
                0x000000008022218c                uboot_end_data = .
                0x0000000000000161                num_got_entries = ((__got_end - __got_start) >> 0x2)
                0x000000008022218c                . = ALIGN (0x4)

.sbss
 *(.sbss)

.bss            0x00000000802221a0    0x31870
 *(.bss)
 .bss           0x00000000802221a0       0x40 common/libcommon.a(cmd_load.o)
 .bss           0x00000000802221e0       0x10 common/libcommon.a(console.o)
 .bss           0x00000000802221f0       0x10 common/libcommon.a(devices.o)
                0x00000000802221fc                devlist
                0x00000000802221f0                stdio_devices
 .bss           0x0000000080222200       0x40 common/libcommon.a(dlmalloc.o)
 .bss           0x0000000080222240       0x10 common/libcommon.a(cmd_mem.o)
 .bss           0x0000000080222250      0x110 common/libcommon.a(main.o)
 .bss           0x0000000080222360       0xa0 lib_mips/libmips.a(board.o)
                0x0000000080222360                no_prompts
                0x0000000080222364                modifies
 .bss           0x0000000080222400       0x20 lib_mips/libmips.a(mips_linux.o)
 .bss           0x0000000080222420    0x16e80 drivers/libdrivers.a(rt2880_eth.o)
 .bss           0x00000000802392a0      0x230 drivers/libdrivers.a(netconsole.o)
 .bss           0x00000000802394d0       0x10 drivers/libdrivers.a(spi_flash.o)
 .bss           0x00000000802394e0       0xd0 net/libnet.a(net.o)
                0x0000000080239590                webfailsafe_data_pointer
                0x0000000080239558                NetOurNISDomain
                0x00000000802394f0                NetServerEther
                0x0000000080239580                NetOurSubnetMask
                0x00000000802394f6                NetBootFileSize
                0x0000000080239584                webfailsafe_upgrade_type
                0x0000000080239538                NetOurHostName
                0x000000008023957c                NetOurGatewayIP
                0x00000000802394e8                NetEtherNullAddr
                0x0000000080239588                webfailsafe_ready_for_upgrade
                0x00000000802394e4                NetRestartWrap
                0x00000000802394e0                NetTxPacket
                0x000000008023958c                webfailsafe_is_running
                0x0000000080239578                NetOurDNSIP
                0x00000000802394f8                NetOurRootPath
 .bss           0x00000000802395b0       0x40 net/libnet.a(tftp.o)
 .bss           0x00000000802395f0       0x10 net/libnet.a(eth.o)
 .bss           0x0000000080239600       0x10 net/libnet.a(httpd.o)
 .bss           0x0000000080239610       0x10 httpd/libhttpd.a(uip.o)
 .bss           0x0000000080239620       0x20 httpd/libhttpd.a(uip_arp.o)
 .bss           0x0000000080239640       0x20 httpd/libhttpd.a(httpd.o)
                0x0000000080239640                lastsize
 .bss           0x0000000080239660     0x10b0 lib_generic/libgeneric.a(zlib.o)
 .bss           0x000000008023a710       0x10 board/rt2880/librt2880.a(flash.o)
 COMMON         0x000000008023a720       0x40 common/libcommon.a(cmd_bootm.o)
                0x000000008023a720                header
 COMMON         0x000000008023a760       0x34 common/libcommon.a(cmd_load.o)
                0x000000008023a760                os_data_header
                0x000000008023a780                send_parms
 COMMON         0x000000008023a794      0xb00 common/libcommon.a(main.o)
                0x000000008023a794                console_buffer
                0x000000008023a894                console_history
 COMMON         0x000000008023b294       0x24 lib_mips/libmips.a(board.o)
                0x000000008023b294                gd_data
 COMMON         0x000000008023b2b8    0x17bf0 net/libnet.a(net.o)
                0x000000008023b2b8                Pkt_Buf_Pool
                0x00000000802526f8                NetRxPackets
                0x00000000802527e8                BootFile
                0x0000000080252868                NetArpWaitPacketBuf
 COMMON         0x0000000080252ea8      0x636 httpd/libhttpd.a(uip.o)
                0x0000000080252ea8                uip_conns
                0x0000000080252f00                uip_buf
 *fill*         0x00000000802534de        0x2 00
 COMMON         0x00000000802534e0      0x530 board/rt2880/librt2880.a(flash.o)
                0x00000000802534e0                flash_info
                0x0000000080253a10                uboot_end = .

.scommon        0x0000000080253a10       0xe4
 .scommon       0x0000000080253a10       0x1c common/libcommon.a(cmd_load.o)
                0x0000000080253a10                his_pad_char
                0x0000000080253a14                os_data_count
                0x0000000080253a18                os_data_init
                0x0000000080253a1c                send_ptr
                0x0000000080253a20                os_data_char
                0x0000000080253a24                his_eol
                0x0000000080253a25                his_quote
                0x0000000080253a28                his_pad_count
 .scommon       0x0000000080253a2c        0x4 common/libcommon.a(env_spi.o)
                0x0000000080253a2c                env_ptr
 .scommon       0x0000000080253a30       0x10 common/libcommon.a(cmd_mem.o)
                0x0000000080253a30                dp_last_size
                0x0000000080253a34                dp_last_addr
                0x0000000080253a38                mm_last_size
                0x0000000080253a3c                mm_last_addr
 .scommon       0x0000000080253a40       0x14 lib_mips/libmips.a(board.o)
                0x0000000080253a40                monitor_flash_len
                0x0000000080253a44                webgpio
                0x0000000080253a48                mips_bus_feq
                0x0000000080253a4c                mips_cpu_feq
                0x0000000080253a50                web_enabled
 .scommon       0x0000000080253a54       0x18 drivers/libdrivers.a(rt2880_eth.o)
                0x0000000080253a54                rt2880_free_buf_list
                0x0000000080253a5c                PKT_HEADER_Buf
                0x0000000080253a60                rt2880_pdev
                0x0000000080253a64                rt2880_busing_buf_list
 .scommon       0x0000000080253a6c        0x4 drivers/libdrivers.a(spi_flash.o)
                0x0000000080253a6c                spi_chip_info
 .scommon       0x0000000080253a70       0x44 net/libnet.a(net.o)
                0x0000000080253a70                NetArpWaitTry
                0x0000000080253a74                NetArpWaitPacketMAC
                0x0000000080253a78                NetOurEther
                0x0000000080253a80                NetOurIP
                0x0000000080253a84                NetServerIP
                0x0000000080253a88                NetArpWaitTxPacketSize
                0x0000000080253a8c                NetArpWaitReplyIP
                0x0000000080253a90                NetArpWaitTxPacket
                0x0000000080253a94                NetArpWaitPacketIP
                0x0000000080253a98                NetState
                0x0000000080253a9c                NetIPID
                0x0000000080253aa0                NetRxPkt
                0x0000000080253aa4                NetRxPktLen
                0x0000000080253aa8                NetBootFileXferSize
                0x0000000080253aac                PktBuf
                0x0000000080253ab0                NetArpWaitTimerStart
 .scommon       0x0000000080253ab4        0x4 net/libnet.a(tftp.o)
                0x0000000080253ab4                TftpStarted
 .scommon       0x0000000080253ab8       0x30 httpd/libhttpd.a(uip.o)
                0x0000000080253ab8                uip_len
                0x0000000080253abc                uip_sappdata
                0x0000000080253ac0                uip_acc32
                0x0000000080253ac4                uip_flags
                0x0000000080253ac8                uip_appdata
                0x0000000080253acc                uip_conn
                0x0000000080253ad0                uip_arp_netmask
                0x0000000080253ad4                uip_listenports
                0x0000000080253ad6                uip_surglen
                0x0000000080253ad8                uip_urgdata
                0x0000000080253adc                uip_hostaddr
                0x0000000080253ae0                uip_arp_draddr
                0x0000000080253ae4                uip_urglen
                0x0000000080253ae6                uip_slen
 .scommon       0x0000000080253ae8        0x4 httpd/libhttpd.a(httpd.o)
                0x0000000080253ae8                hs
 .scommon       0x0000000080253aec        0x4 lib_generic/libgeneric.a(string.o)
                0x0000000080253aec                ___strtok
 .scommon       0x0000000080253af0        0x4 common/libcommon.a(flash.o)
                0x0000000080253af0                rt2880_flash_start_t

.rel.dyn        0x0000000080253af4        0x0
Address of section .text set to 0x80200000
LOAD cpu/ralink_soc/start.o
START GROUP
LOAD lib_generic/libgeneric.a
LOAD common/libcommon.a
LOAD board/rt2880/librt2880.a
LOAD cpu/ralink_soc/libralink_soc.a
LOAD lib_mips/libmips.a
LOAD drivers/libdrivers.a
LOAD net/libnet.a
LOAD rtc/librtc.a
LOAD httpd/libhttpd.a
LOAD common/libcommon.a
END GROUP
OUTPUT(u-boot elf32-tradlittlemips)

.pdr            0x0000000000000000     0x2980
 .pdr           0x0000000000000000       0x20 cpu/ralink_soc/start.o
 .pdr           0x0000000000000020       0x20 common/libcommon.a(cmd_boot.o)
 .pdr           0x0000000000000040       0xa0 common/libcommon.a(cmd_bootm.o)
 .pdr           0x00000000000000e0      0x1c0 common/libcommon.a(cmd_load.o)
 .pdr           0x00000000000002a0       0x20 common/libcommon.a(cmd_net.o)
 .pdr           0x00000000000002c0       0xe0 common/libcommon.a(cmd_nvedit.o)
 .pdr           0x00000000000003a0       0x60 common/libcommon.a(command.o)
 .pdr           0x0000000000000400      0x2c0 common/libcommon.a(console.o)
 .pdr           0x00000000000006c0       0x60 common/libcommon.a(devices.o)
 .pdr           0x0000000000000720      0x200 common/libcommon.a(dlmalloc.o)
 .pdr           0x0000000000000920       0xa0 common/libcommon.a(env_common.o)
 .pdr           0x00000000000009c0      0x1c0 common/libcommon.a(lists.o)
 .pdr           0x0000000000000b80       0xa0 common/libcommon.a(env_spi.o)
 .pdr           0x0000000000000c20       0xc0 common/libcommon.a(cmd_mem.o)
 .pdr           0x0000000000000ce0       0x80 common/libcommon.a(main.o)
 .pdr           0x0000000000000d60       0xc0 board/rt2880/librt2880.a(serial.o)
 .pdr           0x0000000000000e20       0x40 cpu/ralink_soc/libralink_soc.a(cpu.o)
 .pdr           0x0000000000000e60      0x200 lib_mips/libmips.a(board.o)
 .pdr           0x0000000000001060       0xe0 lib_mips/libmips.a(time.o)
 .pdr           0x0000000000001140       0x40 lib_mips/libmips.a(mips_linux.o)
 .pdr           0x0000000000001180      0x1a0 drivers/libdrivers.a(rt2880_eth.o)
 .pdr           0x0000000000001320       0xa0 drivers/libdrivers.a(mii_mgr.o)
 .pdr           0x00000000000013c0      0x180 drivers/libdrivers.a(netconsole.o)
 .pdr           0x0000000000001540      0x220 drivers/libdrivers.a(spi_flash.o)
 .pdr           0x0000000000001760      0x360 net/libnet.a(net.o)
 .pdr           0x0000000000001ac0       0x80 net/libnet.a(tftp.o)
 .pdr           0x0000000000001b40      0x1a0 net/libnet.a(eth.o)
 .pdr           0x0000000000001ce0       0x80 net/libnet.a(httpd.o)
 .pdr           0x0000000000001d60       0x60 rtc/librtc.a(date.o)
 .pdr           0x0000000000001dc0       0xa0 httpd/libhttpd.a(uip.o)
 .pdr           0x0000000000001e60       0x80 httpd/libhttpd.a(uip_arch.o)
 .pdr           0x0000000000001ee0       0xc0 httpd/libhttpd.a(uip_arp.o)
 .pdr           0x0000000000001fa0       0xa0 httpd/libhttpd.a(httpd.o)
 .pdr           0x0000000000002040       0x40 httpd/libhttpd.a(fs.o)
 .pdr           0x0000000000002080       0x60 common/libcommon.a(exports.o)
 .pdr           0x00000000000020e0       0x20 lib_generic/libgeneric.a(crc32.o)
 .pdr           0x0000000000002100       0x40 lib_generic/libgeneric.a(display_options.o)
 .pdr           0x0000000000002140      0x260 lib_generic/libgeneric.a(string.o)
 .pdr           0x00000000000023a0       0xc0 lib_generic/libgeneric.a(vsprintf.o)
 .pdr           0x0000000000002460      0x200 lib_generic/libgeneric.a(zlib.o)
 .pdr           0x0000000000002660      0x160 lib_generic/libgeneric.a(LzmaDecode.o)
 .pdr           0x00000000000027c0       0x60 board/rt2880/librt2880.a(rt2880.o)
 .pdr           0x0000000000002820       0xe0 board/rt2880/librt2880.a(flash.o)
 .pdr           0x0000000000002900       0x80 common/libcommon.a(flash.o)

.stab           0x0000000000000000     0x10a4
 .stab          0x0000000000000000     0x10a4 cpu/ralink_soc/start.o

.stabstr        0x0000000000000000       0x62
 .stabstr       0x0000000000000000       0x62 cpu/ralink_soc/start.o

.mdebug.abi32   0x0000000000000000        0x0

.debug_abbrev   0x0000000000000000       0xd9
 .debug_abbrev  0x0000000000000000       0xd9 common/libcommon.a(cmd_boot.o)

.debug_info     0x0000000000000000      0x1cc
 .debug_info    0x0000000000000000      0x1cc common/libcommon.a(cmd_boot.o)

.debug_line     0x0000000000000000       0xcc
 .debug_line    0x0000000000000000       0xcc common/libcommon.a(cmd_boot.o)

.debug_frame    0x0000000000000000     0x25dc
 .debug_frame   0x0000000000000000       0x30 common/libcommon.a(cmd_boot.o)
 .debug_frame   0x0000000000000030       0xb0 common/libcommon.a(cmd_bootm.o)
 .debug_frame   0x00000000000000e0      0x174 common/libcommon.a(cmd_load.o)
 .debug_frame   0x0000000000000254       0x38 common/libcommon.a(cmd_net.o)
 .debug_frame   0x000000000000028c      0x104 common/libcommon.a(cmd_nvedit.o)
 .debug_frame   0x0000000000000390       0x84 common/libcommon.a(command.o)
 .debug_frame   0x0000000000000414      0x1e4 common/libcommon.a(console.o)
 .debug_frame   0x00000000000005f8       0x58 common/libcommon.a(devices.o)
 .debug_frame   0x0000000000000650      0x194 common/libcommon.a(dlmalloc.o)
 .debug_frame   0x00000000000007e4       0x80 common/libcommon.a(env_common.o)
 .debug_frame   0x0000000000000864      0x144 common/libcommon.a(lists.o)
 .debug_frame   0x00000000000009a8       0x88 common/libcommon.a(env_spi.o)
 .debug_frame   0x0000000000000a30       0xd0 common/libcommon.a(cmd_mem.o)
 .debug_frame   0x0000000000000b00       0xac common/libcommon.a(main.o)
 .debug_frame   0x0000000000000bac       0x84 board/rt2880/librt2880.a(serial.o)
 .debug_frame   0x0000000000000c30       0x30 cpu/ralink_soc/libralink_soc.a(cpu.o)
 .debug_frame   0x0000000000000c60      0x1a4 lib_mips/libmips.a(board.o)
 .debug_frame   0x0000000000000e04       0x8c lib_mips/libmips.a(time.o)
 .debug_frame   0x0000000000000e90       0x6c lib_mips/libmips.a(mips_linux.o)
 .debug_frame   0x0000000000000efc      0x1a4 drivers/libdrivers.a(rt2880_eth.o)
 .debug_frame   0x00000000000010a0       0xa8 drivers/libdrivers.a(mii_mgr.o)
 .debug_frame   0x0000000000001148      0x164 drivers/libdrivers.a(netconsole.o)
 .debug_frame   0x00000000000012ac      0x248 drivers/libdrivers.a(spi_flash.o)
 .debug_frame   0x00000000000014f4      0x2e8 net/libnet.a(net.o)
 .debug_frame   0x00000000000017dc       0x90 net/libnet.a(tftp.o)
 .debug_frame   0x000000000000186c      0x170 net/libnet.a(eth.o)
 .debug_frame   0x00000000000019dc       0x7c net/libnet.a(httpd.o)
 .debug_frame   0x0000000000001a58       0x44 rtc/librtc.a(date.o)
 .debug_frame   0x0000000000001a9c       0x88 httpd/libhttpd.a(uip.o)
 .debug_frame   0x0000000000001b24       0x68 httpd/libhttpd.a(uip_arch.o)
 .debug_frame   0x0000000000001b8c       0xc8 httpd/libhttpd.a(uip_arp.o)
 .debug_frame   0x0000000000001c54       0xac httpd/libhttpd.a(httpd.o)
 .debug_frame   0x0000000000001d00       0x40 httpd/libhttpd.a(fs.o)
 .debug_frame   0x0000000000001d40       0x48 common/libcommon.a(exports.o)
 .debug_frame   0x0000000000001d88       0x20 lib_generic/libgeneric.a(crc32.o)
 .debug_frame   0x0000000000001da8       0x48 lib_generic/libgeneric.a(display_options.o)
 .debug_frame   0x0000000000001df0      0x190 lib_generic/libgeneric.a(string.o)
 .debug_frame   0x0000000000001f80       0xa0 lib_generic/libgeneric.a(vsprintf.o)
 .debug_frame   0x0000000000002020      0x20c lib_generic/libgeneric.a(zlib.o)
 .debug_frame   0x000000000000222c      0x1ac lib_generic/libgeneric.a(LzmaDecode.o)
 .debug_frame   0x00000000000023d8       0x54 board/rt2880/librt2880.a(rt2880.o)
 .debug_frame   0x000000000000242c      0x114 board/rt2880/librt2880.a(flash.o)
 .debug_frame   0x0000000000002540       0x9c common/libcommon.a(flash.o)

.debug_pubnames
                0x0000000000000000     0x1db4
 .debug_pubnames
                0x0000000000000000       0x47 common/libcommon.a(cmd_boot.o)
 .debug_pubnames
                0x0000000000000047       0x6e common/libcommon.a(cmd_bootm.o)
 .debug_pubnames
                0x00000000000000b5      0x188 common/libcommon.a(cmd_load.o)
 .debug_pubnames
                0x000000000000023d       0x39 common/libcommon.a(cmd_net.o)
 .debug_pubnames
                0x0000000000000276       0xaf common/libcommon.a(cmd_nvedit.o)
 .debug_pubnames
                0x0000000000000325       0x88 common/libcommon.a(command.o)
 .debug_pubnames
                0x00000000000003ad      0x122 common/libcommon.a(console.o)
 .debug_pubnames
                0x00000000000004cf       0x76 common/libcommon.a(devices.o)
 .debug_pubnames
                0x0000000000000545       0xb3 common/libcommon.a(dlmalloc.o)
 .debug_pubnames
                0x00000000000005f8       0x88 common/libcommon.a(env_common.o)
 .debug_pubnames
                0x0000000000000680      0x116 common/libcommon.a(lists.o)
 .debug_pubnames
                0x0000000000000796       0x86 common/libcommon.a(env_spi.o)
 .debug_pubnames
                0x000000000000081c      0x107 common/libcommon.a(cmd_mem.o)
 .debug_pubnames
                0x0000000000000923       0x64 common/libcommon.a(main.o)
 .debug_pubnames
                0x0000000000000987       0x74 board/rt2880/librt2880.a(serial.o)
 .debug_pubnames
                0x00000000000009fb       0x2f cpu/ralink_soc/libralink_soc.a(cpu.o)
 .debug_pubnames
                0x0000000000000a2a      0x1c3 lib_mips/libmips.a(board.o)
 .debug_pubnames
                0x0000000000000bed       0x74 lib_mips/libmips.a(time.o)
 .debug_pubnames
                0x0000000000000c61       0x25 lib_mips/libmips.a(mips_linux.o)
 .debug_pubnames
                0x0000000000000c86      0x11a drivers/libdrivers.a(rt2880_eth.o)
 .debug_pubnames
                0x0000000000000da0       0x83 drivers/libdrivers.a(mii_mgr.o)
 .debug_pubnames
                0x0000000000000e23       0x7f drivers/libdrivers.a(netconsole.o)
 .debug_pubnames
                0x0000000000000ea2       0xdc drivers/libdrivers.a(spi_flash.o)
 .debug_pubnames
                0x0000000000000f7e      0x4a8 net/libnet.a(net.o)
 .debug_pubnames
                0x0000000000001426       0x3d net/libnet.a(tftp.o)
 .debug_pubnames
                0x0000000000001463       0xf3 net/libnet.a(eth.o)
 .debug_pubnames
                0x0000000000001556       0x5b net/libnet.a(httpd.o)
 .debug_pubnames
                0x00000000000015b1       0x38 rtc/librtc.a(date.o)
 .debug_pubnames
                0x00000000000015e9      0x147 httpd/libhttpd.a(uip.o)
 .debug_pubnames
                0x0000000000001730       0x52 httpd/libhttpd.a(uip_arch.o)
 .debug_pubnames
                0x0000000000001782       0x78 httpd/libhttpd.a(uip_arp.o)
 .debug_pubnames
                0x00000000000017fa       0x47 httpd/libhttpd.a(httpd.o)
 .debug_pubnames
                0x0000000000001841       0x8d httpd/libhttpd.a(fs.o)
 .debug_pubnames
                0x00000000000018ce       0x35 common/libcommon.a(exports.o)
 .debug_pubnames
                0x0000000000001903       0x1c lib_generic/libgeneric.a(crc32.o)
 .debug_pubnames
                0x000000000000191f       0x35 lib_generic/libgeneric.a(display_options.o)
 .debug_pubnames
                0x0000000000001954       0xf9 lib_generic/libgeneric.a(string.o)
 .debug_pubnames
                0x0000000000001a4d       0x50 lib_generic/libgeneric.a(vsprintf.o)
 .debug_pubnames
                0x0000000000001a9d       0xab lib_generic/libgeneric.a(zlib.o)
 .debug_pubnames
                0x0000000000001b48      0x12d lib_generic/libgeneric.a(LzmaDecode.o)
 .debug_pubnames
                0x0000000000001c75       0x1d lib_generic/libgeneric.a(ctype.o)
 .debug_pubnames
                0x0000000000001c92       0x3f board/rt2880/librt2880.a(rt2880.o)
 .debug_pubnames
                0x0000000000001cd1       0x77 board/rt2880/librt2880.a(flash.o)
 .debug_pubnames
                0x0000000000001d48       0x6c common/libcommon.a(flash.o)

.debug_aranges  0x0000000000000000       0x20
 .debug_aranges
                0x0000000000000000       0x20 common/libcommon.a(cmd_boot.o)

.debug_str      0x0000000000000000     0x3bcd
 .debug_str     0x0000000000000000       0xf7 common/libcommon.a(cmd_boot.o)
                                        0x14e (size before relaxing)
 .debug_str     0x00000000000000f7      0x39c common/libcommon.a(cmd_bootm.o)
                                        0x514 (size before relaxing)
 .debug_str     0x0000000000000493      0x25e common/libcommon.a(cmd_load.o)
                                        0x4b5 (size before relaxing)
 .debug_str     0x00000000000006f1       0xe7 common/libcommon.a(cmd_net.o)
                                        0x222 (size before relaxing)
 .debug_str     0x00000000000007d8       0xdf common/libcommon.a(cmd_nvedit.o)
                                        0x345 (size before relaxing)
 .debug_str     0x00000000000008b7       0xc8 common/libcommon.a(command.o)
                                        0x215 (size before relaxing)
 .debug_str     0x000000000000097f      0x1ab common/libcommon.a(console.o)
                                        0x3c7 (size before relaxing)
 .debug_str     0x0000000000000b2a       0x56 common/libcommon.a(devices.o)
                                        0x2d2 (size before relaxing)
 .debug_str     0x0000000000000b80      0x309 common/libcommon.a(dlmalloc.o)
                                        0x508 (size before relaxing)
 .debug_str     0x0000000000000e89       0x8c common/libcommon.a(env_common.o)
                                        0x249 (size before relaxing)
 .debug_str     0x0000000000000f15      0x1dc common/libcommon.a(lists.o)
                                        0x311 (size before relaxing)
 .debug_str     0x00000000000010f1       0x6e common/libcommon.a(env_spi.o)
                                        0x279 (size before relaxing)
 .debug_str     0x000000000000115f      0x12d common/libcommon.a(cmd_mem.o)
                                        0x252 (size before relaxing)
 .debug_str     0x000000000000128c      0x149 common/libcommon.a(main.o)
                                        0x2a0 (size before relaxing)
 .debug_str     0x00000000000013d5       0xbd board/rt2880/librt2880.a(serial.o)
                                        0x161 (size before relaxing)
 .debug_str     0x0000000000001492       0x53 cpu/ralink_soc/libralink_soc.a(cpu.o)
                                        0x142 (size before relaxing)
 .debug_str     0x00000000000014e5      0x3b7 lib_mips/libmips.a(board.o)
                                        0x6ae (size before relaxing)
 .debug_str     0x000000000000189c       0x77 lib_mips/libmips.a(time.o)
                                        0x164 (size before relaxing)
 .debug_str     0x0000000000001913       0xcc lib_mips/libmips.a(mips_linux.o)
                                        0x3cd (size before relaxing)
 .debug_str     0x00000000000019df      0x669 drivers/libdrivers.a(rt2880_eth.o)
                                        0x83b (size before relaxing)
 .debug_str     0x0000000000002048       0xb7 drivers/libdrivers.a(mii_mgr.o)
                                        0x1e4 (size before relaxing)
 .debug_str     0x00000000000020ff      0x13c drivers/libdrivers.a(netconsole.o)
                                        0x3a6 (size before relaxing)
 .debug_str     0x000000000000223b      0x261 drivers/libdrivers.a(spi_flash.o)
                                        0x442 (size before relaxing)
 .debug_str     0x000000000000249c      0x5e9 net/libnet.a(net.o)
                                        0x993 (size before relaxing)
 .debug_str     0x0000000000002a85       0xd5 net/libnet.a(tftp.o)
                                        0x29d (size before relaxing)
 .debug_str     0x0000000000002b5a       0xf1 net/libnet.a(eth.o)
                                        0x301 (size before relaxing)
 .debug_str     0x0000000000002c4b       0xce net/libnet.a(httpd.o)
                                        0x1fb (size before relaxing)
 .debug_str     0x0000000000002d19       0x6f rtc/librtc.a(date.o)
                                        0x160 (size before relaxing)
 .debug_str     0x0000000000002d88      0x16d httpd/libhttpd.a(uip.o)
                                        0x2de (size before relaxing)
 .debug_str     0x0000000000002ef5       0x50 httpd/libhttpd.a(uip_arch.o)
                                        0x14c (size before relaxing)
 .debug_str     0x0000000000002f45       0x85 httpd/libhttpd.a(uip_arp.o)
                                        0x1cd (size before relaxing)
 .debug_str     0x0000000000002fca      0x177 httpd/libhttpd.a(httpd.o)
                                        0x3bd (size before relaxing)
 .debug_str     0x0000000000003141       0x9b httpd/libhttpd.a(fs.o)
                                        0x1d0 (size before relaxing)
 .debug_str     0x00000000000031dc       0x25 common/libcommon.a(exports.o)
                                        0x1ca (size before relaxing)
 .debug_str     0x0000000000003201       0x49 lib_generic/libgeneric.a(crc32.o)
                                         0xf7 (size before relaxing)
 .debug_str     0x000000000000324a       0x2d lib_generic/libgeneric.a(display_options.o)
                                        0x109 (size before relaxing)
 .debug_str     0x0000000000003277       0xb1 lib_generic/libgeneric.a(string.o)
                                        0x1c4 (size before relaxing)
 .debug_str     0x0000000000003328       0x70 lib_generic/libgeneric.a(vsprintf.o)
                                        0x18f (size before relaxing)
 .debug_str     0x0000000000003398      0x3cc lib_generic/libgeneric.a(zlib.o)
                                        0x5b1 (size before relaxing)
 .debug_str     0x0000000000003764      0x289 lib_generic/libgeneric.a(LzmaDecode.o)
                                        0x383 (size before relaxing)
 .debug_str     0x00000000000039ed        0x8 lib_generic/libgeneric.a(ctype.o)
                                         0x63 (size before relaxing)
 .debug_str     0x00000000000039f5       0x47 board/rt2880/librt2880.a(rt2880.o)
                                        0x12f (size before relaxing)
 .debug_str     0x0000000000003a3c      0x138 board/rt2880/librt2880.a(flash.o)
                                        0x29c (size before relaxing)
 .debug_str     0x0000000000003b74       0x59 common/libcommon.a(flash.o)
                                        0x19b (size before relaxing)

.comment        0x0000000000000000      0x318
 .comment       0x0000000000000000       0x12 common/libcommon.a(cmd_boot.o)
 .comment       0x0000000000000012       0x12 common/libcommon.a(cmd_bootm.o)
 .comment       0x0000000000000024       0x12 common/libcommon.a(cmd_load.o)
 .comment       0x0000000000000036       0x12 common/libcommon.a(cmd_net.o)
 .comment       0x0000000000000048       0x12 common/libcommon.a(cmd_nvedit.o)
 .comment       0x000000000000005a       0x12 common/libcommon.a(command.o)
 .comment       0x000000000000006c       0x12 common/libcommon.a(console.o)
 .comment       0x000000000000007e       0x12 common/libcommon.a(devices.o)
 .comment       0x0000000000000090       0x12 common/libcommon.a(dlmalloc.o)
 .comment       0x00000000000000a2       0x12 common/libcommon.a(env_common.o)
 .comment       0x00000000000000b4       0x12 common/libcommon.a(lists.o)
 .comment       0x00000000000000c6       0x12 common/libcommon.a(env_spi.o)
 .comment       0x00000000000000d8       0x12 common/libcommon.a(cmd_mem.o)
 .comment       0x00000000000000ea       0x12 common/libcommon.a(main.o)
 .comment       0x00000000000000fc       0x12 board/rt2880/librt2880.a(serial.o)
 .comment       0x000000000000010e       0x12 cpu/ralink_soc/libralink_soc.a(cpu.o)
 .comment       0x0000000000000120       0x12 lib_mips/libmips.a(board.o)
 .comment       0x0000000000000132       0x12 lib_mips/libmips.a(time.o)
 .comment       0x0000000000000144       0x12 lib_mips/libmips.a(mips_linux.o)
 .comment       0x0000000000000156       0x12 drivers/libdrivers.a(rt2880_eth.o)
 .comment       0x0000000000000168       0x12 drivers/libdrivers.a(mii_mgr.o)
 .comment       0x000000000000017a       0x12 drivers/libdrivers.a(netconsole.o)
 .comment       0x000000000000018c       0x12 drivers/libdrivers.a(spi_flash.o)
 .comment       0x000000000000019e       0x12 net/libnet.a(net.o)
 .comment       0x00000000000001b0       0x12 net/libnet.a(tftp.o)
 .comment       0x00000000000001c2       0x12 net/libnet.a(eth.o)
 .comment       0x00000000000001d4       0x12 net/libnet.a(httpd.o)
 .comment       0x00000000000001e6       0x12 rtc/librtc.a(date.o)
 .comment       0x00000000000001f8       0x12 httpd/libhttpd.a(uip.o)
 .comment       0x000000000000020a       0x12 httpd/libhttpd.a(uip_arch.o)
 .comment       0x000000000000021c       0x12 httpd/libhttpd.a(uip_arp.o)
 .comment       0x000000000000022e       0x12 httpd/libhttpd.a(httpd.o)
 .comment       0x0000000000000240       0x12 httpd/libhttpd.a(fs.o)
 .comment       0x0000000000000252       0x12 common/libcommon.a(exports.o)
 .comment       0x0000000000000264       0x12 lib_generic/libgeneric.a(crc32.o)
 .comment       0x0000000000000276       0x12 lib_generic/libgeneric.a(display_options.o)
 .comment       0x0000000000000288       0x12 lib_generic/libgeneric.a(string.o)
 .comment       0x000000000000029a       0x12 lib_generic/libgeneric.a(vsprintf.o)
 .comment       0x00000000000002ac       0x12 lib_generic/libgeneric.a(zlib.o)
 .comment       0x00000000000002be       0x12 lib_generic/libgeneric.a(LzmaDecode.o)
 .comment       0x00000000000002d0       0x12 lib_generic/libgeneric.a(ctype.o)
 .comment       0x00000000000002e2       0x12 board/rt2880/librt2880.a(rt2880.o)
 .comment       0x00000000000002f4       0x12 board/rt2880/librt2880.a(flash.o)
 .comment       0x0000000000000306       0x12 common/libcommon.a(flash.o)

.debug_abbrev.1
                0x0000000000000000      0x2dd
 .debug_abbrev  0x0000000000000000      0x2dd common/libcommon.a(cmd_bootm.o)

.debug_info.2   0x0000000000000000      0xe09
 .debug_info    0x0000000000000000      0xe09 common/libcommon.a(cmd_bootm.o)

.debug_line.3   0x0000000000000000      0x43f
 .debug_line    0x0000000000000000      0x43f common/libcommon.a(cmd_bootm.o)

.debug_aranges.4
                0x0000000000000000       0x20
 .debug_aranges
                0x0000000000000000       0x20 common/libcommon.a(cmd_bootm.o)

.debug_ranges   0x0000000000000000      0x7d8
 .debug_ranges  0x0000000000000000       0x48 common/libcommon.a(cmd_bootm.o)
 .debug_ranges  0x0000000000000048       0x28 common/libcommon.a(cmd_load.o)
 .debug_ranges  0x0000000000000070       0x18 common/libcommon.a(cmd_net.o)
 .debug_ranges  0x0000000000000088      0x108 common/libcommon.a(cmd_nvedit.o)
 .debug_ranges  0x0000000000000190       0x38 common/libcommon.a(command.o)
 .debug_ranges  0x00000000000001c8       0x38 common/libcommon.a(console.o)
 .debug_ranges  0x0000000000000200       0x50 common/libcommon.a(dlmalloc.o)
 .debug_ranges  0x0000000000000250       0x18 common/libcommon.a(cmd_mem.o)
 .debug_ranges  0x0000000000000268       0x30 common/libcommon.a(main.o)
 .debug_ranges  0x0000000000000298       0x30 lib_mips/libmips.a(board.o)
 .debug_ranges  0x00000000000002c8       0x58 lib_mips/libmips.a(mips_linux.o)
 .debug_ranges  0x0000000000000320       0x20 drivers/libdrivers.a(rt2880_eth.o)
 .debug_ranges  0x0000000000000340      0x128 drivers/libdrivers.a(spi_flash.o)
 .debug_ranges  0x0000000000000468       0x90 net/libnet.a(net.o)
 .debug_ranges  0x00000000000004f8       0x18 net/libnet.a(tftp.o)
 .debug_ranges  0x0000000000000510       0x80 net/libnet.a(eth.o)
 .debug_ranges  0x0000000000000590       0x18 net/libnet.a(httpd.o)
 .debug_ranges  0x00000000000005a8       0x18 httpd/libhttpd.a(httpd.o)
 .debug_ranges  0x00000000000005c0       0x20 lib_generic/libgeneric.a(vsprintf.o)
 .debug_ranges  0x00000000000005e0      0x110 lib_generic/libgeneric.a(zlib.o)
 .debug_ranges  0x00000000000006f0       0x78 lib_generic/libgeneric.a(LzmaDecode.o)
 .debug_ranges  0x0000000000000768       0x48 board/rt2880/librt2880.a(flash.o)
 .debug_ranges  0x00000000000007b0       0x28 common/libcommon.a(flash.o)

.debug_abbrev.5
                0x0000000000000000      0x241
 .debug_abbrev  0x0000000000000000      0x241 common/libcommon.a(cmd_load.o)

.debug_info.6   0x0000000000000000      0x97e
 .debug_info    0x0000000000000000      0x97e common/libcommon.a(cmd_load.o)

.debug_line.7   0x0000000000000000      0x2dd
 .debug_line    0x0000000000000000      0x2dd common/libcommon.a(cmd_load.o)

.debug_aranges.8
                0x0000000000000000       0x20
 .debug_aranges
                0x0000000000000000       0x20 common/libcommon.a(cmd_load.o)

.debug_abbrev.9
                0x0000000000000000      0x191
 .debug_abbrev  0x0000000000000000      0x191 common/libcommon.a(cmd_net.o)

.debug_info.10  0x0000000000000000      0x3fb
 .debug_info    0x0000000000000000      0x3fb common/libcommon.a(cmd_net.o)

.debug_line.11  0x0000000000000000      0x16b
 .debug_line    0x0000000000000000      0x16b common/libcommon.a(cmd_net.o)

.debug_aranges.12
                0x0000000000000000       0x20
 .debug_aranges
                0x0000000000000000       0x20 common/libcommon.a(cmd_net.o)

.debug_abbrev.13
                0x0000000000000000      0x252
 .debug_abbrev  0x0000000000000000      0x252 common/libcommon.a(cmd_nvedit.o)

.debug_info.14  0x0000000000000000      0xa45
 .debug_info    0x0000000000000000      0xa45 common/libcommon.a(cmd_nvedit.o)

.debug_line.15  0x0000000000000000      0x360
 .debug_line    0x0000000000000000      0x360 common/libcommon.a(cmd_nvedit.o)

.debug_aranges.16
                0x0000000000000000       0x20
 .debug_aranges
                0x0000000000000000       0x20 common/libcommon.a(cmd_nvedit.o)

.debug_abbrev.17
                0x0000000000000000      0x1f2
 .debug_abbrev  0x0000000000000000      0x1f2 common/libcommon.a(command.o)

.debug_info.18  0x0000000000000000      0x44d
 .debug_info    0x0000000000000000      0x44d common/libcommon.a(command.o)

.debug_line.19  0x0000000000000000      0x184
 .debug_line    0x0000000000000000      0x184 common/libcommon.a(command.o)

.debug_aranges.20
                0x0000000000000000       0x20
 .debug_aranges
                0x0000000000000000       0x20 common/libcommon.a(command.o)

.debug_abbrev.21
                0x0000000000000000      0x2a2
 .debug_abbrev  0x0000000000000000      0x2a2 common/libcommon.a(console.o)

.debug_info.22  0x0000000000000000      0x98a
 .debug_info    0x0000000000000000      0x98a common/libcommon.a(console.o)

.debug_line.23  0x0000000000000000      0x29b
 .debug_line    0x0000000000000000      0x29b common/libcommon.a(console.o)

.debug_aranges.24
                0x0000000000000000       0x20
 .debug_aranges
                0x0000000000000000       0x20 common/libcommon.a(console.o)

.debug_abbrev.25
                0x0000000000000000      0x1a8
 .debug_abbrev  0x0000000000000000      0x1a8 common/libcommon.a(devices.o)

.debug_info.26  0x0000000000000000      0x4f5
 .debug_info    0x0000000000000000      0x4f5 common/libcommon.a(devices.o)

.debug_line.27  0x0000000000000000      0x13b
 .debug_line    0x0000000000000000      0x13b common/libcommon.a(devices.o)

.debug_aranges.28
                0x0000000000000000       0x20
 .debug_aranges
                0x0000000000000000       0x20 common/libcommon.a(devices.o)

.debug_abbrev.29
                0x0000000000000000      0x1de
 .debug_abbrev  0x0000000000000000      0x1de common/libcommon.a(dlmalloc.o)

.debug_info.30  0x0000000000000000      0xc2c
 .debug_info    0x0000000000000000      0xc2c common/libcommon.a(dlmalloc.o)

.debug_line.31  0x0000000000000000      0x394
 .debug_line    0x0000000000000000      0x394 common/libcommon.a(dlmalloc.o)

.debug_aranges.32
                0x0000000000000000       0x20
 .debug_aranges
                0x0000000000000000       0x20 common/libcommon.a(dlmalloc.o)

.debug_abbrev.33
                0x0000000000000000      0x15f
 .debug_abbrev  0x0000000000000000      0x15f common/libcommon.a(env_common.o)

.debug_info.34  0x0000000000000000      0x384
 .debug_info    0x0000000000000000      0x384 common/libcommon.a(env_common.o)

.debug_line.35  0x0000000000000000      0x103
 .debug_line    0x0000000000000000      0x103 common/libcommon.a(env_common.o)

.debug_aranges.36
                0x0000000000000000       0x20
 .debug_aranges
                0x0000000000000000       0x20 common/libcommon.a(env_common.o)

.debug_abbrev.37
                0x0000000000000000      0x19d
 .debug_abbrev  0x0000000000000000      0x19d common/libcommon.a(lists.o)

.debug_info.38  0x0000000000000000      0x517
 .debug_info    0x0000000000000000      0x517 common/libcommon.a(lists.o)

.debug_line.39  0x0000000000000000      0x10e
 .debug_line    0x0000000000000000      0x10e common/libcommon.a(lists.o)

.debug_aranges.40
                0x0000000000000000       0x20
 .debug_aranges
                0x0000000000000000       0x20 common/libcommon.a(lists.o)

.debug_abbrev.41
                0x0000000000000000      0x131
 .debug_abbrev  0x0000000000000000      0x131 common/libcommon.a(env_spi.o)

.debug_info.42  0x0000000000000000      0x3b2
 .debug_info    0x0000000000000000      0x3b2 common/libcommon.a(env_spi.o)

.debug_line.43  0x0000000000000000      0x157
 .debug_line    0x0000000000000000      0x157 common/libcommon.a(env_spi.o)

.debug_aranges.44
                0x0000000000000000       0x20
 .debug_aranges
                0x0000000000000000       0x20 common/libcommon.a(env_spi.o)

.debug_abbrev.45
                0x0000000000000000      0x17c
 .debug_abbrev  0x0000000000000000      0x17c common/libcommon.a(cmd_mem.o)

.debug_info.46  0x0000000000000000      0x529
 .debug_info    0x0000000000000000      0x529 common/libcommon.a(cmd_mem.o)

.debug_line.47  0x0000000000000000      0x18d
 .debug_line    0x0000000000000000      0x18d common/libcommon.a(cmd_mem.o)

.debug_aranges.48
                0x0000000000000000       0x20
 .debug_aranges
                0x0000000000000000       0x20 common/libcommon.a(cmd_mem.o)

.debug_abbrev.49
                0x0000000000000000      0x225
 .debug_abbrev  0x0000000000000000      0x225 common/libcommon.a(main.o)

.debug_info.50  0x0000000000000000      0x6bd
 .debug_info    0x0000000000000000      0x6bd common/libcommon.a(main.o)

.debug_line.51  0x0000000000000000      0x289
 .debug_line    0x0000000000000000      0x289 common/libcommon.a(main.o)

.debug_aranges.52
                0x0000000000000000       0x20
 .debug_aranges
                0x0000000000000000       0x20 common/libcommon.a(main.o)

.debug_abbrev.53
                0x0000000000000000       0xff
 .debug_abbrev  0x0000000000000000       0xff board/rt2880/librt2880.a(serial.o)

.debug_info.54  0x0000000000000000      0x1d1
 .debug_info    0x0000000000000000      0x1d1 board/rt2880/librt2880.a(serial.o)

.debug_line.55  0x0000000000000000       0xbe
 .debug_line    0x0000000000000000       0xbe board/rt2880/librt2880.a(serial.o)

.debug_aranges.56
                0x0000000000000000       0x20
 .debug_aranges
                0x0000000000000000       0x20 board/rt2880/librt2880.a(serial.o)

.debug_abbrev.57
                0x0000000000000000       0xc2
 .debug_abbrev  0x0000000000000000       0xc2 cpu/ralink_soc/libralink_soc.a(cpu.o)

.debug_info.58  0x0000000000000000      0x1b4
 .debug_info    0x0000000000000000      0x1b4 cpu/ralink_soc/libralink_soc.a(cpu.o)

.debug_line.59  0x0000000000000000       0xa1
 .debug_line    0x0000000000000000       0xa1 cpu/ralink_soc/libralink_soc.a(cpu.o)

.debug_aranges.60
                0x0000000000000000       0x20
 .debug_aranges
                0x0000000000000000       0x20 cpu/ralink_soc/libralink_soc.a(cpu.o)

.debug_abbrev.61
                0x0000000000000000      0x2e4
 .debug_abbrev  0x0000000000000000      0x2e4 lib_mips/libmips.a(board.o)

.debug_info.62  0x0000000000000000      0xe9a
 .debug_info    0x0000000000000000      0xe9a lib_mips/libmips.a(board.o)

.debug_line.63  0x0000000000000000      0x57b
 .debug_line    0x0000000000000000      0x57b lib_mips/libmips.a(board.o)

.debug_aranges.64
                0x0000000000000000       0x20
 .debug_aranges
                0x0000000000000000       0x20 lib_mips/libmips.a(board.o)

.debug_abbrev.65
                0x0000000000000000      0x159
 .debug_abbrev  0x0000000000000000      0x159 lib_mips/libmips.a(time.o)

.debug_info.66  0x0000000000000000      0x2be
 .debug_info    0x0000000000000000      0x2be lib_mips/libmips.a(time.o)

.debug_line.67  0x0000000000000000       0xca
 .debug_line    0x0000000000000000       0xca lib_mips/libmips.a(time.o)

.debug_aranges.68
                0x0000000000000000       0x20
 .debug_aranges
                0x0000000000000000       0x20 lib_mips/libmips.a(time.o)

.debug_abbrev.69
                0x0000000000000000      0x206
 .debug_abbrev  0x0000000000000000      0x206 lib_mips/libmips.a(mips_linux.o)

.debug_info.70  0x0000000000000000      0x7de
 .debug_info    0x0000000000000000      0x7de lib_mips/libmips.a(mips_linux.o)

.debug_line.71  0x0000000000000000      0x2ff
 .debug_line    0x0000000000000000      0x2ff lib_mips/libmips.a(mips_linux.o)

.debug_aranges.72
                0x0000000000000000       0x20
 .debug_aranges
                0x0000000000000000       0x20 lib_mips/libmips.a(mips_linux.o)

.debug_abbrev.73
                0x0000000000000000      0x2a2
 .debug_abbrev  0x0000000000000000      0x2a2 drivers/libdrivers.a(rt2880_eth.o)

.debug_info.74  0x0000000000000000      0xf88
 .debug_info    0x0000000000000000      0xf88 drivers/libdrivers.a(rt2880_eth.o)

.debug_line.75  0x0000000000000000      0x404
 .debug_line    0x0000000000000000      0x404 drivers/libdrivers.a(rt2880_eth.o)

.debug_aranges.76
                0x0000000000000000       0x20
 .debug_aranges
                0x0000000000000000       0x20 drivers/libdrivers.a(rt2880_eth.o)

.debug_abbrev.77
                0x0000000000000000      0x177
 .debug_abbrev  0x0000000000000000      0x177 drivers/libdrivers.a(mii_mgr.o)

.debug_info.78  0x0000000000000000      0x387
 .debug_info    0x0000000000000000      0x387 drivers/libdrivers.a(mii_mgr.o)

.debug_line.79  0x0000000000000000      0x1b9
 .debug_line    0x0000000000000000      0x1b9 drivers/libdrivers.a(mii_mgr.o)

.debug_aranges.80
                0x0000000000000000       0x20
 .debug_aranges
                0x0000000000000000       0x20 drivers/libdrivers.a(mii_mgr.o)

.debug_abbrev.81
                0x0000000000000000      0x1e4
 .debug_abbrev  0x0000000000000000      0x1e4 drivers/libdrivers.a(netconsole.o)

.debug_info.82  0x0000000000000000      0x877
 .debug_info    0x0000000000000000      0x877 drivers/libdrivers.a(netconsole.o)

.debug_line.83  0x0000000000000000      0x210
 .debug_line    0x0000000000000000      0x210 drivers/libdrivers.a(netconsole.o)

.debug_aranges.84
                0x0000000000000000       0x20
 .debug_aranges
                0x0000000000000000       0x20 drivers/libdrivers.a(netconsole.o)

.debug_abbrev.85
                0x0000000000000000      0x2b7
 .debug_abbrev  0x0000000000000000      0x2b7 drivers/libdrivers.a(spi_flash.o)

.debug_info.86  0x0000000000000000      0xecf
 .debug_info    0x0000000000000000      0xecf drivers/libdrivers.a(spi_flash.o)

.debug_line.87  0x0000000000000000      0x4e0
 .debug_line    0x0000000000000000      0x4e0 drivers/libdrivers.a(spi_flash.o)

.debug_aranges.88
                0x0000000000000000       0x20
 .debug_aranges
                0x0000000000000000       0x20 drivers/libdrivers.a(spi_flash.o)

.debug_abbrev.89
                0x0000000000000000      0x351
 .debug_abbrev  0x0000000000000000      0x351 net/libnet.a(net.o)

.debug_info.90  0x0000000000000000     0x1a4d
 .debug_info    0x0000000000000000     0x1a4d net/libnet.a(net.o)

.debug_line.91  0x0000000000000000      0x87a
 .debug_line    0x0000000000000000      0x87a net/libnet.a(net.o)

.debug_aranges.92
                0x0000000000000000       0x20
 .debug_aranges
                0x0000000000000000       0x20 net/libnet.a(net.o)

.debug_abbrev.93
                0x0000000000000000      0x200
 .debug_abbrev  0x0000000000000000      0x200 net/libnet.a(tftp.o)

.debug_info.94  0x0000000000000000      0x57a
 .debug_info    0x0000000000000000      0x57a net/libnet.a(tftp.o)

.debug_line.95  0x0000000000000000      0x2f8
 .debug_line    0x0000000000000000      0x2f8 net/libnet.a(tftp.o)

.debug_aranges.96
                0x0000000000000000       0x20
 .debug_aranges
                0x0000000000000000       0x20 net/libnet.a(tftp.o)

.debug_abbrev.97
                0x0000000000000000      0x269
 .debug_abbrev  0x0000000000000000      0x269 net/libnet.a(eth.o)

.debug_info.98  0x0000000000000000      0x724
 .debug_info    0x0000000000000000      0x724 net/libnet.a(eth.o)

.debug_line.99  0x0000000000000000      0x20c
 .debug_line    0x0000000000000000      0x20c net/libnet.a(eth.o)

.debug_aranges.100
                0x0000000000000000       0x20
 .debug_aranges
                0x0000000000000000       0x20 net/libnet.a(eth.o)

.debug_abbrev.101
                0x0000000000000000      0x175
 .debug_abbrev  0x0000000000000000      0x175 net/libnet.a(httpd.o)

.debug_info.102
                0x0000000000000000      0x3c8
 .debug_info    0x0000000000000000      0x3c8 net/libnet.a(httpd.o)

.debug_line.103
                0x0000000000000000      0x129
 .debug_line    0x0000000000000000      0x129 net/libnet.a(httpd.o)

.debug_aranges.104
                0x0000000000000000       0x20
 .debug_aranges
                0x0000000000000000       0x20 net/libnet.a(httpd.o)

.debug_abbrev.105
                0x0000000000000000       0xd5
 .debug_abbrev  0x0000000000000000       0xd5 rtc/librtc.a(date.o)

.debug_info.106
                0x0000000000000000      0x261
 .debug_info    0x0000000000000000      0x261 rtc/librtc.a(date.o)

.debug_line.107
                0x0000000000000000       0xb8
 .debug_line    0x0000000000000000       0xb8 rtc/librtc.a(date.o)

.debug_aranges.108
                0x0000000000000000       0x20
 .debug_aranges
                0x0000000000000000       0x20 rtc/librtc.a(date.o)

.debug_abbrev.109
                0x0000000000000000      0x174
 .debug_abbrev  0x0000000000000000      0x174 httpd/libhttpd.a(uip.o)

.debug_info.110
                0x0000000000000000      0x537
 .debug_info    0x0000000000000000      0x537 httpd/libhttpd.a(uip.o)

.debug_line.111
                0x0000000000000000      0x348
 .debug_line    0x0000000000000000      0x348 httpd/libhttpd.a(uip.o)

.debug_aranges.112
                0x0000000000000000       0x20
 .debug_aranges
                0x0000000000000000       0x20 httpd/libhttpd.a(uip.o)

.debug_abbrev.113
                0x0000000000000000      0x152
 .debug_abbrev  0x0000000000000000      0x152 httpd/libhttpd.a(uip_arch.o)

.debug_info.114
                0x0000000000000000      0x21a
 .debug_info    0x0000000000000000      0x21a httpd/libhttpd.a(uip_arch.o)

.debug_line.115
                0x0000000000000000      0x15f
 .debug_line    0x0000000000000000      0x15f httpd/libhttpd.a(uip_arch.o)

.debug_aranges.116
                0x0000000000000000       0x20
 .debug_aranges
                0x0000000000000000       0x20 httpd/libhttpd.a(uip_arch.o)

.debug_abbrev.117
                0x0000000000000000      0x174
 .debug_abbrev  0x0000000000000000      0x174 httpd/libhttpd.a(uip_arp.o)

.debug_info.118
                0x0000000000000000      0x2fa
 .debug_info    0x0000000000000000      0x2fa httpd/libhttpd.a(uip_arp.o)

.debug_line.119
                0x0000000000000000      0x192
 .debug_line    0x0000000000000000      0x192 httpd/libhttpd.a(uip_arp.o)

.debug_aranges.120
                0x0000000000000000       0x20
 .debug_aranges
                0x0000000000000000       0x20 httpd/libhttpd.a(uip_arp.o)

.debug_abbrev.121
                0x0000000000000000      0x222
 .debug_abbrev  0x0000000000000000      0x222 httpd/libhttpd.a(httpd.o)

.debug_info.122
                0x0000000000000000      0x645
 .debug_info    0x0000000000000000      0x645 httpd/libhttpd.a(httpd.o)

.debug_line.123
                0x0000000000000000      0x2b4
 .debug_line    0x0000000000000000      0x2b4 httpd/libhttpd.a(httpd.o)

.debug_aranges.124
                0x0000000000000000       0x20
 .debug_aranges
                0x0000000000000000       0x20 httpd/libhttpd.a(httpd.o)

.debug_abbrev.125
                0x0000000000000000      0x198
 .debug_abbrev  0x0000000000000000      0x198 httpd/libhttpd.a(fs.o)

.debug_info.126
                0x0000000000000000      0x3d2
 .debug_info    0x0000000000000000      0x3d2 httpd/libhttpd.a(fs.o)

.debug_line.127
                0x0000000000000000       0xc8
 .debug_line    0x0000000000000000       0xc8 httpd/libhttpd.a(fs.o)

.debug_aranges.128
                0x0000000000000000       0x20
 .debug_aranges
                0x0000000000000000       0x20 httpd/libhttpd.a(fs.o)

.debug_abbrev.129
                0x0000000000000000       0xe6
 .debug_abbrev  0x0000000000000000       0xe6 common/libcommon.a(exports.o)

.debug_info.130
                0x0000000000000000      0x23f
 .debug_info    0x0000000000000000      0x23f common/libcommon.a(exports.o)

.debug_line.131
                0x0000000000000000       0x96
 .debug_line    0x0000000000000000       0x96 common/libcommon.a(exports.o)

.debug_aranges.132
                0x0000000000000000       0x20
 .debug_aranges
                0x0000000000000000       0x20 common/libcommon.a(exports.o)

.debug_abbrev.133
                0x0000000000000000       0x93
 .debug_abbrev  0x0000000000000000       0x93 lib_generic/libgeneric.a(crc32.o)

.debug_info.134
                0x0000000000000000      0x12e
 .debug_info    0x0000000000000000      0x12e lib_generic/libgeneric.a(crc32.o)

.debug_line.135
                0x0000000000000000       0x7c
 .debug_line    0x0000000000000000       0x7c lib_generic/libgeneric.a(crc32.o)

.debug_aranges.136
                0x0000000000000000       0x20
 .debug_aranges
                0x0000000000000000       0x20 lib_generic/libgeneric.a(crc32.o)

.debug_abbrev.137
                0x0000000000000000       0xc4
 .debug_abbrev  0x0000000000000000       0xc4 lib_generic/libgeneric.a(display_options.o)

.debug_info.138
                0x0000000000000000      0x123
 .debug_info    0x0000000000000000      0x123 lib_generic/libgeneric.a(display_options.o)

.debug_line.139
                0x0000000000000000       0x9e
 .debug_line    0x0000000000000000       0x9e lib_generic/libgeneric.a(display_options.o)

.debug_aranges.140
                0x0000000000000000       0x20
 .debug_aranges
                0x0000000000000000       0x20 lib_generic/libgeneric.a(display_options.o)

.debug_abbrev.141
                0x0000000000000000      0x19f
 .debug_abbrev  0x0000000000000000      0x19f lib_generic/libgeneric.a(string.o)

.debug_info.142
                0x0000000000000000      0x796
 .debug_info    0x0000000000000000      0x796 lib_generic/libgeneric.a(string.o)

.debug_line.143
                0x0000000000000000      0x1be
 .debug_line    0x0000000000000000      0x1be lib_generic/libgeneric.a(string.o)

.debug_aranges.144
                0x0000000000000000       0x20
 .debug_aranges
                0x0000000000000000       0x20 lib_generic/libgeneric.a(string.o)

.debug_abbrev.145
                0x0000000000000000      0x16f
 .debug_abbrev  0x0000000000000000      0x16f lib_generic/libgeneric.a(vsprintf.o)

.debug_info.146
                0x0000000000000000      0x3ac
 .debug_info    0x0000000000000000      0x3ac lib_generic/libgeneric.a(vsprintf.o)

.debug_line.147
                0x0000000000000000      0x1df
 .debug_line    0x0000000000000000      0x1df lib_generic/libgeneric.a(vsprintf.o)

.debug_aranges.148
                0x0000000000000000       0x20
 .debug_aranges
                0x0000000000000000       0x20 lib_generic/libgeneric.a(vsprintf.o)

.debug_abbrev.149
                0x0000000000000000      0x27a
 .debug_abbrev  0x0000000000000000      0x27a lib_generic/libgeneric.a(zlib.o)

.debug_info.150
                0x0000000000000000     0x16eb
 .debug_info    0x0000000000000000     0x16eb lib_generic/libgeneric.a(zlib.o)

.debug_line.151
                0x0000000000000000      0x672
 .debug_line    0x0000000000000000      0x672 lib_generic/libgeneric.a(zlib.o)

.debug_aranges.152
                0x0000000000000000       0x20
 .debug_aranges
                0x0000000000000000       0x20 lib_generic/libgeneric.a(zlib.o)

.debug_abbrev.153
                0x0000000000000000      0x17d
 .debug_abbrev  0x0000000000000000      0x17d lib_generic/libgeneric.a(LzmaDecode.o)

.debug_info.154
                0x0000000000000000      0x756
 .debug_info    0x0000000000000000      0x756 lib_generic/libgeneric.a(LzmaDecode.o)

.debug_line.155
                0x0000000000000000      0x21a
 .debug_line    0x0000000000000000      0x21a lib_generic/libgeneric.a(LzmaDecode.o)

.debug_aranges.156
                0x0000000000000000       0x20
 .debug_aranges
                0x0000000000000000       0x20 lib_generic/libgeneric.a(LzmaDecode.o)

.debug_abbrev.157
                0x0000000000000000       0x42
 .debug_abbrev  0x0000000000000000       0x42 lib_generic/libgeneric.a(ctype.o)

.debug_info.158
                0x0000000000000000       0x56
 .debug_info    0x0000000000000000       0x56 lib_generic/libgeneric.a(ctype.o)

.debug_line.159
                0x0000000000000000       0x28
 .debug_line    0x0000000000000000       0x28 lib_generic/libgeneric.a(ctype.o)

.debug_abbrev.160
                0x0000000000000000       0xc9
 .debug_abbrev  0x0000000000000000       0xc9 board/rt2880/librt2880.a(rt2880.o)

.debug_info.161
                0x0000000000000000      0x190
 .debug_info    0x0000000000000000      0x190 board/rt2880/librt2880.a(rt2880.o)

.debug_line.162
                0x0000000000000000       0xb8
 .debug_line    0x0000000000000000       0xb8 board/rt2880/librt2880.a(rt2880.o)

.debug_aranges.163
                0x0000000000000000       0x20
 .debug_aranges
                0x0000000000000000       0x20 board/rt2880/librt2880.a(rt2880.o)

.debug_abbrev.164
                0x0000000000000000      0x25e
 .debug_abbrev  0x0000000000000000      0x25e board/rt2880/librt2880.a(flash.o)

.debug_info.165
                0x0000000000000000      0x6fc
 .debug_info    0x0000000000000000      0x6fc board/rt2880/librt2880.a(flash.o)

.debug_line.166
                0x0000000000000000      0x3b9
 .debug_line    0x0000000000000000      0x3b9 board/rt2880/librt2880.a(flash.o)

.debug_aranges.167
                0x0000000000000000       0x20
 .debug_aranges
                0x0000000000000000       0x20 board/rt2880/librt2880.a(flash.o)

.debug_abbrev.168
                0x0000000000000000      0x12a
 .debug_abbrev  0x0000000000000000      0x12a common/libcommon.a(flash.o)

.debug_info.169
                0x0000000000000000      0x324
 .debug_info    0x0000000000000000      0x324 common/libcommon.a(flash.o)

.debug_line.170
                0x0000000000000000      0x143
 .debug_line    0x0000000000000000      0x143 common/libcommon.a(flash.o)

.debug_aranges.171
                0x0000000000000000       0x20
 .debug_aranges
                0x0000000000000000       0x20 common/libcommon.a(flash.o)
